// Jest Snapshot v1, https://goo.gl/fbAQLP

exports[`test activity snapshot 1`] = `
<div
  style={
    {
      "alignItems": "center",
      "display": "flex",
      "flexDirection": "column",
      "paddingTop": "10px",
    }
  }
>
  <ul
    className="MuiList-root MuiList-padding css-1mcnwpj-MuiList-root"
  />
</div>
`;
